   text	   data	    bss	    dec	    hex	filename
 0x4410	 0x1614	  0x1d0	  23540	   5bf4	/home/osboxes/gap_sdk/examples/native/pulpos/helloworld/BUILD/GAP8/GCC_RISCV/test
/home/osboxes/gap_sdk/examples/native/pulpos/helloworld/BUILD/GAP8/GCC_RISCV/test:1b000bb8 00000001 D camera_isAwaked	/home/osboxes/gap_sdk/rtos/pulp/pulp-os/drivers_deprecated/camera/himax.c:150
/home/osboxes/gap_sdk/examples/native/pulpos/helloworld/BUILD/GAP8/GCC_RISCV/test:00000338 00000001 D __rt_hyper_pending_emu_do_memcpy	/home/osboxes/gap_sdk/rtos/pulp/pulp-os/drivers/hyper/hyperram-v1.c:53
/home/osboxes/gap_sdk/examples/native/pulpos/helloworld/BUILD/GAP8/GCC_RISCV/test:1c001a1a 00000002 W illegal_insn_handler_c	/home/osboxes/gap_sdk/rtos/pulp/pulp-os/kernel/irq.c:89
/home/osboxes/gap_sdk/examples/native/pulpos/helloworld/BUILD/GAP8/GCC_RISCV/test:1c002676 00000002 T __rt_fll_deinit	/home/osboxes/gap_sdk/rtos/pulp/pulp-os/kernel/gap/pmu_driver.c:876
/home/osboxes/gap_sdk/examples/native/pulpos/helloworld/BUILD/GAP8/GCC_RISCV/test:1c002678 00000002 T __rt_flls_constructor	/home/osboxes/gap_sdk/rtos/pulp/pulp-os/kernel/gap/pmu_driver.c:880
/home/osboxes/gap_sdk/examples/native/pulpos/helloworld/BUILD/GAP8/GCC_RISCV/test:1c00458c 00000003 d ToHWDCDC_Pos	/home/osboxes/gap_sdk/rtos/pulp/pulp-os/kernel/gap/pmu_driver.c:192
/home/osboxes/gap_sdk/examples/native/pulpos/helloworld/BUILD/GAP8/GCC_RISCV/test:1c003fc8 00000004 t ctor_list	/home/osboxes/gap_sdk/rtos/pulp/pulp-os/kernel/init.c:29
/home/osboxes/gap_sdk/examples/native/pulpos/helloworld/BUILD/GAP8/GCC_RISCV/test:1c004794 00000004 B done	/home/osboxes/gap_sdk/examples/native/pulpos/helloworld/test.c:16
/home/osboxes/gap_sdk/examples/native/pulpos/helloworld/BUILD/GAP8/GCC_RISCV/test:1c004008 00000004 t dtor_list	/home/osboxes/gap_sdk/rtos/pulp/pulp-os/kernel/init.c:30
/home/osboxes/gap_sdk/examples/native/pulpos/helloworld/BUILD/GAP8/GCC_RISCV/test:1c0047d4 00000004 B first_delayed
/home/osboxes/gap_sdk/examples/native/pulpos/helloworld/BUILD/GAP8/GCC_RISCV/test:1c0047a4 00000004 b __pi_hyper_cluster_reqs_first	/home/osboxes/gap_sdk/rtos/pulp/pulp-os/drivers/hyper/hyperram-v1.c:62
/home/osboxes/gap_sdk/examples/native/pulpos/helloworld/BUILD/GAP8/GCC_RISCV/test:1c0019ca 00000004 T pi_open_from_conf	/home/osboxes/gap_sdk/rtos/pulp/pulp-os/kernel/init.c:323
/home/osboxes/gap_sdk/examples/native/pulpos/helloworld/BUILD/GAP8/GCC_RISCV/test:1c004590 00000004 D PMURetentionState
/home/osboxes/gap_sdk/examples/native/pulpos/helloworld/BUILD/GAP8/GCC_RISCV/test:00000354 00000004 D pwmEventsStatus	/home/osboxes/gap_sdk/rtos/pulp/pulp-os/drivers/pwm/pwm.c:9
/home/osboxes/gap_sdk/examples/native/pulpos/helloworld/BUILD/GAP8/GCC_RISCV/test:1c00459c 00000004 d RetPMUStateToPMUState	/home/osboxes/gap_sdk/rtos/pulp/pulp-os/kernel/gap/pmu_driver.c:185
/home/osboxes/gap_sdk/examples/native/pulpos/helloworld/BUILD/GAP8/GCC_RISCV/test:1c0047d0 00000004 B __rt_alloc_fc_tcdm
/home/osboxes/gap_sdk/examples/native/pulpos/helloworld/BUILD/GAP8/GCC_RISCV/test:1c0047c8 00000004 B __rt_alloc_l1
/home/osboxes/gap_sdk/examples/native/pulpos/helloworld/BUILD/GAP8/GCC_RISCV/test:1c0047cc 00000004 B __rt_alloc_l2
/home/osboxes/gap_sdk/examples/native/pulpos/helloworld/BUILD/GAP8/GCC_RISCV/test:0000002c 00000004 d __rt_bridge_eeprom_handle	/home/osboxes/gap_sdk/rtos/pulp/pulp-os/kernel/bridge.c:25
/home/osboxes/gap_sdk/examples/native/pulpos/helloworld/BUILD/GAP8/GCC_RISCV/test:00000028 00000004 d __rt_bridge_flash_cs	/home/osboxes/gap_sdk/rtos/pulp/pulp-os/kernel/bridge.c:29
/home/osboxes/gap_sdk/examples/native/pulpos/helloworld/BUILD/GAP8/GCC_RISCV/test:0000001c 00000004 d __rt_bridge_flash_handle	/home/osboxes/gap_sdk/rtos/pulp/pulp-os/kernel/bridge.c:26
/home/osboxes/gap_sdk/examples/native/pulpos/helloworld/BUILD/GAP8/GCC_RISCV/test:00000024 00000004 d __rt_bridge_flash_itf	/home/osboxes/gap_sdk/rtos/pulp/pulp-os/kernel/bridge.c:28
/home/osboxes/gap_sdk/examples/native/pulpos/helloworld/BUILD/GAP8/GCC_RISCV/test:00000020 00000004 d __rt_bridge_flash_type	/home/osboxes/gap_sdk/rtos/pulp/pulp-os/kernel/bridge.c:27
/home/osboxes/gap_sdk/examples/native/pulpos/helloworld/BUILD/GAP8/GCC_RISCV/test:00000390 00000004 D __rtc_handler	/home/osboxes/gap_sdk/rtos/pulp/pulp-os/drivers_deprecated/dolphin/rtc.c:25
/home/osboxes/gap_sdk/examples/native/pulpos/helloworld/BUILD/GAP8/GCC_RISCV/test:1000001c 00000004 D __rt_cluster_fc_task_lock	/home/osboxes/gap_sdk/rtos/pulp/pulp-os/kernel/cluster.c:59
/home/osboxes/gap_sdk/examples/native/pulpos/helloworld/BUILD/GAP8/GCC_RISCV/test:00000018 00000004 D __rt_cluster_nb_active_pe
/home/osboxes/gap_sdk/examples/native/pulpos/helloworld/BUILD/GAP8/GCC_RISCV/test:1c0047d8 00000004 B __rt_cluster_tasks	/home/osboxes/gap_sdk/rtos/pulp/pulp-os/kernel/cluster.c:41
/home/osboxes/gap_sdk/examples/native/pulpos/helloworld/BUILD/GAP8/GCC_RISCV/test:1b000b9c 00000004 D __rt_debug_config
/home/osboxes/gap_sdk/examples/native/pulpos/helloworld/BUILD/GAP8/GCC_RISCV/test:1b000b98 00000004 D __rt_debug_config_trace
/home/osboxes/gap_sdk/examples/native/pulpos/helloworld/BUILD/GAP8/GCC_RISCV/test:00000014 00000004 D __rt_dma_first_pending
/home/osboxes/gap_sdk/examples/native/pulpos/helloworld/BUILD/GAP8/GCC_RISCV/test:00000010 00000004 D __rt_dma_last_pending
/home/osboxes/gap_sdk/examples/native/pulpos/helloworld/BUILD/GAP8/GCC_RISCV/test:1c0047a0 00000004 b __rt_fc_cluster_device	/home/osboxes/gap_sdk/rtos/pulp/pulp-os/kernel/pulpos_emu.c:25
/home/osboxes/gap_sdk/examples/native/pulpos/helloworld/BUILD/GAP8/GCC_RISCV/test:1c004564 00000004 V __rt_fc_stack_size	/home/osboxes/gap_sdk/rtos/pulp/pulp-os/kernel/conf.c:36
/home/osboxes/gap_sdk/examples/native/pulpos/helloworld/BUILD/GAP8/GCC_RISCV/test:00000004 00000004 D __rt_first_free
/home/osboxes/gap_sdk/examples/native/pulpos/helloworld/BUILD/GAP8/GCC_RISCV/test:1c00267a 00000004 T __rt_fll_set_freq	/home/osboxes/gap_sdk/rtos/pulp/pulp-os/kernel/gap/pmu_driver.c:884
/home/osboxes/gap_sdk/examples/native/pulpos/helloworld/BUILD/GAP8/GCC_RISCV/test:00000324 00000004 D __rt_hyper_current_task	/home/osboxes/gap_sdk/rtos/pulp/pulp-os/drivers/hyper/hyperram-v1.c:27
/home/osboxes/gap_sdk/examples/native/pulpos/helloworld/BUILD/GAP8/GCC_RISCV/test:00000320 00000004 D __rt_hyper_end_task	/home/osboxes/gap_sdk/rtos/pulp/pulp-os/drivers/hyper/hyperram-v1.c:25
/home/osboxes/gap_sdk/examples/native/pulpos/helloworld/BUILD/GAP8/GCC_RISCV/test:1c0047a8 00000004 b __rt_hyper_open_count	/home/osboxes/gap_sdk/rtos/pulp/pulp-os/drivers/hyper/hyperram-v1.c:65
/home/osboxes/gap_sdk/examples/native/pulpos/helloworld/BUILD/GAP8/GCC_RISCV/test:00000314 00000004 D __rt_hyper_pending_addr	/home/osboxes/gap_sdk/rtos/pulp/pulp-os/drivers/hyper/hyperram-v1.c:33
/home/osboxes/gap_sdk/examples/native/pulpos/helloworld/BUILD/GAP8/GCC_RISCV/test:0000030c 00000004 D __rt_hyper_pending_base	/home/osboxes/gap_sdk/rtos/pulp/pulp-os/drivers/hyper/hyperram-v1.c:31
/home/osboxes/gap_sdk/examples/native/pulpos/helloworld/BUILD/GAP8/GCC_RISCV/test:00000330 00000004 D __rt_hyper_pending_emu_addr	/home/osboxes/gap_sdk/rtos/pulp/pulp-os/drivers/hyper/hyperram-v1.c:48
/home/osboxes/gap_sdk/examples/native/pulpos/helloworld/BUILD/GAP8/GCC_RISCV/test:00000328 00000004 D __rt_hyper_pending_emu_channel	/home/osboxes/gap_sdk/rtos/pulp/pulp-os/drivers/hyper/hyperram-v1.c:46
/home/osboxes/gap_sdk/examples/native/pulpos/helloworld/BUILD/GAP8/GCC_RISCV/test:0000032c 00000004 D __rt_hyper_pending_emu_hyper_addr	/home/osboxes/gap_sdk/rtos/pulp/pulp-os/drivers/hyper/hyperram-v1.c:47
/home/osboxes/gap_sdk/examples/native/pulpos/helloworld/BUILD/GAP8/GCC_RISCV/test:0000034c 00000004 D __rt_hyper_pending_emu_length	/home/osboxes/gap_sdk/rtos/pulp/pulp-os/drivers/hyper/hyperram-v1.c:51
/home/osboxes/gap_sdk/examples/native/pulpos/helloworld/BUILD/GAP8/GCC_RISCV/test:00000334 00000004 D __rt_hyper_pending_emu_size	/home/osboxes/gap_sdk/rtos/pulp/pulp-os/drivers/hyper/hyperram-v1.c:49
/home/osboxes/gap_sdk/examples/native/pulpos/helloworld/BUILD/GAP8/GCC_RISCV/test:00000348 00000004 D __rt_hyper_pending_emu_size_2d	/home/osboxes/gap_sdk/rtos/pulp/pulp-os/drivers/hyper/hyperram-v1.c:50
/home/osboxes/gap_sdk/examples/native/pulpos/helloworld/BUILD/GAP8/GCC_RISCV/test:00000350 00000004 D __rt_hyper_pending_emu_stride	/home/osboxes/gap_sdk/rtos/pulp/pulp-os/drivers/hyper/hyperram-v1.c:52
/home/osboxes/gap_sdk/examples/native/pulpos/helloworld/BUILD/GAP8/GCC_RISCV/test:0000033c 00000004 D __rt_hyper_pending_emu_task	/home/osboxes/gap_sdk/rtos/pulp/pulp-os/drivers/hyper/hyperram-v1.c:54
/home/osboxes/gap_sdk/examples/native/pulpos/helloworld/BUILD/GAP8/GCC_RISCV/test:00000310 00000004 D __rt_hyper_pending_hyper_addr	/home/osboxes/gap_sdk/rtos/pulp/pulp-os/drivers/hyper/hyperram-v1.c:32
/home/osboxes/gap_sdk/examples/native/pulpos/helloworld/BUILD/GAP8/GCC_RISCV/test:00000318 00000004 D __rt_hyper_pending_repeat	/home/osboxes/gap_sdk/rtos/pulp/pulp-os/drivers/hyper/hyperram-v1.c:34
/home/osboxes/gap_sdk/examples/native/pulpos/helloworld/BUILD/GAP8/GCC_RISCV/test:0000031c 00000004 D __rt_hyper_pending_repeat_size	/home/osboxes/gap_sdk/rtos/pulp/pulp-os/drivers/hyper/hyperram-v1.c:35
/home/osboxes/gap_sdk/examples/native/pulpos/helloworld/BUILD/GAP8/GCC_RISCV/test:00000340 00000004 D __rt_hyper_pending_tasks	/home/osboxes/gap_sdk/rtos/pulp/pulp-os/drivers/hyper/hyperram-v1.c:39
/home/osboxes/gap_sdk/examples/native/pulpos/helloworld/BUILD/GAP8/GCC_RISCV/test:00000344 00000004 D __rt_hyper_pending_tasks_last	/home/osboxes/gap_sdk/rtos/pulp/pulp-os/drivers/hyper/hyperram-v1.c:40
/home/osboxes/gap_sdk/examples/native/pulpos/helloworld/BUILD/GAP8/GCC_RISCV/test:00000308 00000004 D __rt_hyper_udma_handle
/home/osboxes/gap_sdk/examples/native/pulpos/helloworld/BUILD/GAP8/GCC_RISCV/test:1c0047ac 00000004 b __rt_i2s_first	/home/osboxes/gap_sdk/rtos/pulp/pulp-os/drivers_deprecated/i2s/i2s-v1.c:40
/home/osboxes/gap_sdk/examples/native/pulpos/helloworld/BUILD/GAP8/GCC_RISCV/test:1c004568 00000004 V __rt_iodev
/home/osboxes/gap_sdk/examples/native/pulpos/helloworld/BUILD/GAP8/GCC_RISCV/test:1c00456c 00000004 V __rt_iodev_uart_baudrate
/home/osboxes/gap_sdk/examples/native/pulpos/helloworld/BUILD/GAP8/GCC_RISCV/test:1c004798 00000004 V __rt_iodev_uart_channel
/home/osboxes/gap_sdk/examples/native/pulpos/helloworld/BUILD/GAP8/GCC_RISCV/test:1c0047b8 00000004 b __rt_io_event_current	/home/osboxes/gap_sdk/rtos/pulp/pulp-os/libs/io/io.c:40
/home/osboxes/gap_sdk/examples/native/pulpos/helloworld/BUILD/GAP8/GCC_RISCV/test:1c0047bc 00000004 b __rt_io_pending_flush	/home/osboxes/gap_sdk/rtos/pulp/pulp-os/libs/io/io.c:50
/home/osboxes/gap_sdk/examples/native/pulpos/helloworld/BUILD/GAP8/GCC_RISCV/test:1c0047c4 00000004 b _rt_io_uart	/home/osboxes/gap_sdk/rtos/pulp/pulp-os/libs/io/io.c:38
/home/osboxes/gap_sdk/examples/native/pulpos/helloworld/BUILD/GAP8/GCC_RISCV/test:1c004570 00000004 V __rt_platform
/home/osboxes/gap_sdk/examples/native/pulpos/helloworld/BUILD/GAP8/GCC_RISCV/test:1c0047c0 00000004 b __rt_putc_host_buffer_index	/home/osboxes/gap_sdk/rtos/pulp/pulp-os/libs/io/io.c:48
/home/osboxes/gap_sdk/examples/native/pulpos/helloworld/BUILD/GAP8/GCC_RISCV/test:0000038c 00000004 D __rt_rtc_init_done	/home/osboxes/gap_sdk/rtos/pulp/pulp-os/drivers_deprecated/dolphin/rtc.c:26
/home/osboxes/gap_sdk/examples/native/pulpos/helloworld/BUILD/GAP8/GCC_RISCV/test:1c00480c 00000004 B __rt_wakeup_use_fast	/home/osboxes/gap_sdk/rtos/pulp/pulp-os/kernel/gap/pmu_driver.c:173
/home/osboxes/gap_sdk/examples/native/pulpos/helloworld/BUILD/GAP8/GCC_RISCV/test:1c00479c 00000004 b timer_count	/home/osboxes/gap_sdk/rtos/pulp/pulp-os/kernel/time.c:23
/home/osboxes/gap_sdk/examples/native/pulpos/helloworld/BUILD/GAP8/GCC_RISCV/test:1c001450 00000006 T pi_cluster_conf_init	/home/osboxes/gap_sdk/rtos/pulp/pulp-os/kernel/cluster.c:337
/home/osboxes/gap_sdk/examples/native/pulpos/helloworld/BUILD/GAP8/GCC_RISCV/test:1c002ef6 00000006 T semihost_exit	/home/osboxes/gap_sdk/rtos/pulp/pulp-os/libs/io/semihost.c:47
/home/osboxes/gap_sdk/examples/native/pulpos/helloworld/BUILD/GAP8/GCC_RISCV/test:1c002ef0 00000006 T semihost_write0	/home/osboxes/gap_sdk/rtos/pulp/pulp-os/libs/io/semihost.c:6
/home/osboxes/gap_sdk/examples/native/pulpos/helloworld/BUILD/GAP8/GCC_RISCV/test:1c004574 00000007 d SystemStateToSCUFastSeq	/home/osboxes/gap_sdk/rtos/pulp/pulp-os/kernel/gap/pmu_driver.c:176
/home/osboxes/gap_sdk/examples/native/pulpos/helloworld/BUILD/GAP8/GCC_RISCV/test:1c002e68 00000008 T abort	/home/osboxes/gap_sdk/rtos/pulp/pulp-os/libs/io/io.c:739
/home/osboxes/gap_sdk/examples/native/pulpos/helloworld/BUILD/GAP8/GCC_RISCV/test:1c004594 00000008 D FllsFrequency
/home/osboxes/gap_sdk/examples/native/pulpos/helloworld/BUILD/GAP8/GCC_RISCV/test:1c004804 00000008 B __rt_freq_domains
/home/osboxes/gap_sdk/examples/native/pulpos/helloworld/BUILD/GAP8/GCC_RISCV/test:000002b0 00000008 D __rt_socevents_status
/home/osboxes/gap_sdk/examples/native/pulpos/helloworld/BUILD/GAP8/GCC_RISCV/test:1c0047b0 00000008 b __rt_spim_open_count	/home/osboxes/gap_sdk/rtos/pulp/pulp-os/drivers_deprecated/spim/spim-v2.c:26
/home/osboxes/gap_sdk/examples/native/pulpos/helloworld/BUILD/GAP8/GCC_RISCV/test:1c002836 0000000a T __rt_himax_init	/home/osboxes/gap_sdk/rtos/pulp/pulp-os/drivers_deprecated/camera/himax.c:400
/home/osboxes/gap_sdk/examples/native/pulpos/helloworld/BUILD/GAP8/GCC_RISCV/test:1c0026a6 0000000a T __rt_padframe_init	/home/osboxes/gap_sdk/rtos/pulp/pulp-os/drivers_deprecated/pads/pads-v1.c:58
/home/osboxes/gap_sdk/examples/native/pulpos/helloworld/BUILD/GAP8/GCC_RISCV/test:00000004 0000000c D __rt_cluster_pool
/home/osboxes/gap_sdk/examples/native/pulpos/helloworld/BUILD/GAP8/GCC_RISCV/test:1c002ee2 0000000e t __internal_semihost	/home/osboxes/gap_sdk/rtos/pulp/pulp-os/libs/io/semihost.h:75
/home/osboxes/gap_sdk/examples/native/pulpos/helloworld/BUILD/GAP8/GCC_RISCV/test:1c002876 0000000e t __rt_io_end_of_flush	/home/osboxes/gap_sdk/rtos/pulp/pulp-os/libs/io/io.c:366
/home/osboxes/gap_sdk/examples/native/pulpos/helloworld/BUILD/GAP8/GCC_RISCV/test:1c002c28 00000010 T memset	/home/osboxes/gap_sdk/rtos/pulp/pulp-os/libs/io/io.c:150
/home/osboxes/gap_sdk/examples/native/pulpos/helloworld/BUILD/GAP8/GCC_RISCV/test:1c00457c 00000010 D PMUState
/home/osboxes/gap_sdk/examples/native/pulpos/helloworld/BUILD/GAP8/GCC_RISCV/test:1b000bbc 00000010 d __rt_io_fc_lock	/home/osboxes/gap_sdk/rtos/pulp/pulp-os/libs/io/io.c:35
/home/osboxes/gap_sdk/examples/native/pulpos/helloworld/BUILD/GAP8/GCC_RISCV/test:1c00445c 00000010 V __rt_padframe_default	/home/osboxes/gap_sdk/rtos/pulp/pulp-os/drivers_deprecated/pads/pads-v1.c:28
/home/osboxes/gap_sdk/examples/native/pulpos/helloworld/BUILD/GAP8/GCC_RISCV/test:1c00446c 00000010 V __rt_padframe_hyper	/home/osboxes/gap_sdk/rtos/pulp/pulp-os/drivers_deprecated/pads/pads-v1.c:30
/home/osboxes/gap_sdk/examples/native/pulpos/helloworld/BUILD/GAP8/GCC_RISCV/test:1c00447c 00000010 V __rt_padframe_hyper_gpio	/home/osboxes/gap_sdk/rtos/pulp/pulp-os/drivers_deprecated/pads/pads-v1.c:32
/home/osboxes/gap_sdk/examples/native/pulpos/helloworld/BUILD/GAP8/GCC_RISCV/test:1c004784 00000010 b __rt_uart	/home/osboxes/gap_sdk/rtos/pulp/pulp-os/drivers_deprecated/uart/uart.c:43
/home/osboxes/gap_sdk/examples/native/pulpos/helloworld/BUILD/GAP8/GCC_RISCV/test:1c003c44 00000010 T rt_uart_conf_init
/home/osboxes/gap_sdk/examples/native/pulpos/helloworld/BUILD/GAP8/GCC_RISCV/test:1c000e9c 00000012 T __rt_event_sched_init	/home/osboxes/gap_sdk/rtos/pulp/pulp-os/kernel/events.c:264
/home/osboxes/gap_sdk/examples/native/pulpos/helloworld/BUILD/GAP8/GCC_RISCV/test:1c002664 00000012 T __rt_fll_init	/home/osboxes/gap_sdk/rtos/pulp/pulp-os/kernel/gap/pmu_driver.c:871
/home/osboxes/gap_sdk/examples/native/pulpos/helloworld/BUILD/GAP8/GCC_RISCV/test:1c002840 00000012 T __rt_i2c_init	/home/osboxes/gap_sdk/rtos/pulp/pulp-os/drivers_deprecated/i2c/i2c-v2.c:236
/home/osboxes/gap_sdk/examples/native/pulpos/helloworld/BUILD/GAP8/GCC_RISCV/test:1c002852 00000012 T __rt_rtc_init	/home/osboxes/gap_sdk/rtos/pulp/pulp-os/drivers_deprecated/dolphin/rtc.c:414
/home/osboxes/gap_sdk/examples/native/pulpos/helloworld/BUILD/GAP8/GCC_RISCV/test:1c002864 00000012 T __rt_spim_init	/home/osboxes/gap_sdk/rtos/pulp/pulp-os/drivers_deprecated/spim/spim-v2.c:446
/home/osboxes/gap_sdk/examples/native/pulpos/helloworld/BUILD/GAP8/GCC_RISCV/test:00000008 00000014 D __rt_sched
/home/osboxes/gap_sdk/examples/native/pulpos/helloworld/BUILD/GAP8/GCC_RISCV/test:1b000ba0 00000018 d cbsys_first	/home/osboxes/gap_sdk/rtos/pulp/pulp-os/kernel/utils.c:30
/home/osboxes/gap_sdk/examples/native/pulpos/helloworld/BUILD/GAP8/GCC_RISCV/test:1c002db6 00000018 T fputc_locked
/home/osboxes/gap_sdk/examples/native/pulpos/helloworld/BUILD/GAP8/GCC_RISCV/test:1c000e84 00000018 T rt_event_wait	/home/osboxes/gap_sdk/rtos/pulp/pulp-os/kernel/events.c:257
/home/osboxes/gap_sdk/examples/native/pulpos/helloworld/BUILD/GAP8/GCC_RISCV/test:1c00448c 00000018 V __rt_padframe_profiles
/home/osboxes/gap_sdk/examples/native/pulpos/helloworld/BUILD/GAP8/GCC_RISCV/test:1c001044 00000018 t __rt_time_poweroff	/home/osboxes/gap_sdk/rtos/pulp/pulp-os/kernel/time.c:28
/home/osboxes/gap_sdk/examples/native/pulpos/helloworld/BUILD/GAP8/GCC_RISCV/test:1c00105c 00000018 t __rt_time_poweron	/home/osboxes/gap_sdk/rtos/pulp/pulp-os/kernel/time.c:37
/home/osboxes/gap_sdk/examples/native/pulpos/helloworld/BUILD/GAP8/GCC_RISCV/test:1c000d0a 00000018 T __rt_wait_event_prepare_blocking	/home/osboxes/gap_sdk/rtos/pulp/pulp-os/kernel/events.c:42
/home/osboxes/gap_sdk/examples/native/pulpos/helloworld/BUILD/GAP8/GCC_RISCV/test:1c000d96 0000001a T rt_event_get	/home/osboxes/gap_sdk/rtos/pulp/pulp-os/kernel/events.c:105
/home/osboxes/gap_sdk/examples/native/pulpos/helloworld/BUILD/GAP8/GCC_RISCV/test:1c002c38 0000001a T strchr	/home/osboxes/gap_sdk/rtos/pulp/pulp-os/libs/io/io.c:278
/home/osboxes/gap_sdk/examples/native/pulpos/helloworld/BUILD/GAP8/GCC_RISCV/test:1c000b62 0000001c t hello
/home/osboxes/gap_sdk/examples/native/pulpos/helloworld/BUILD/GAP8/GCC_RISCV/test:1c001ca2 0000001c t __rt_event_enqueue	/home/osboxes/gap_sdk/install/GAP8/include/rt/rt_event.h:397
/home/osboxes/gap_sdk/examples/native/pulpos/helloworld/BUILD/GAP8/GCC_RISCV/test:1c001e1c 0000001e T __rt_bridge_clear_notif	/home/osboxes/gap_sdk/rtos/pulp/pulp-os/kernel/bridge.c:838
/home/osboxes/gap_sdk/examples/native/pulpos/helloworld/BUILD/GAP8/GCC_RISCV/test:1c001dde 0000001e T __rt_bridge_set_available	/home/osboxes/gap_sdk/rtos/pulp/pulp-os/kernel/bridge.c:725
/home/osboxes/gap_sdk/examples/native/pulpos/helloworld/BUILD/GAP8/GCC_RISCV/test:1c0010ee 0000001e T rt_time_wait_us	/home/osboxes/gap_sdk/rtos/pulp/pulp-os/kernel/time.c:118
/home/osboxes/gap_sdk/examples/native/pulpos/helloworld/BUILD/GAP8/GCC_RISCV/test:1c002fb8 00000020 t _rlrshift	/home/osboxes/gap_sdk/rtos/pulp/pulp-os/libs/io/prf.c:122
/home/osboxes/gap_sdk/examples/native/pulpos/helloworld/BUILD/GAP8/GCC_RISCV/test:1c001cbe 00000020 t __rt_bridge_check_bridge_req.part.5	/home/osboxes/gap_sdk/rtos/pulp/pulp-os/kernel/bridge.c:638
/home/osboxes/gap_sdk/examples/native/pulpos/helloworld/BUILD/GAP8/GCC_RISCV/test:1c001dfc 00000020 T __rt_bridge_send_notif	/home/osboxes/gap_sdk/rtos/pulp/pulp-os/kernel/bridge.c:821
/home/osboxes/gap_sdk/examples/native/pulpos/helloworld/BUILD/GAP8/GCC_RISCV/test:1c0045a0 00000020 d __rt_i2c	/home/osboxes/gap_sdk/rtos/pulp/pulp-os/drivers_deprecated/i2c/i2c-v2.c:28
/home/osboxes/gap_sdk/examples/native/pulpos/helloworld/BUILD/GAP8/GCC_RISCV/test:1c003b50 00000020 t __rt_uart_setfreq_after	/home/osboxes/gap_sdk/rtos/pulp/pulp-os/drivers_deprecated/uart/uart.c:135
/home/osboxes/gap_sdk/examples/native/pulpos/helloworld/BUILD/GAP8/GCC_RISCV/test:1c000eae 00000020 T rt_user_alloc_init	/home/osboxes/gap_sdk/rtos/pulp/pulp-os/kernel/alloc.c:193
/home/osboxes/gap_sdk/examples/native/pulpos/helloworld/BUILD/GAP8/GCC_RISCV/test:1c000f90 00000022 T __rt_alloc_init_l1	/home/osboxes/gap_sdk/rtos/pulp/pulp-os/kernel/alloc.c:445
/home/osboxes/gap_sdk/examples/native/pulpos/helloworld/BUILD/GAP8/GCC_RISCV/test:1c000db0 00000022 T rt_event_get_blocking	/home/osboxes/gap_sdk/rtos/pulp/pulp-os/kernel/events.c:127
/home/osboxes/gap_sdk/examples/native/pulpos/helloworld/BUILD/GAP8/GCC_RISCV/test:1c001baa 00000022 T __rt_utils_init	/home/osboxes/gap_sdk/rtos/pulp/pulp-os/kernel/utils.c:84
/home/osboxes/gap_sdk/examples/native/pulpos/helloworld/BUILD/GAP8/GCC_RISCV/test:1c002972 00000024 t rt_event_execute.isra.4.constprop.12	/home/osboxes/gap_sdk/rtos/pulp/pulp-os/libs/io/io.c:795
/home/osboxes/gap_sdk/examples/native/pulpos/helloworld/BUILD/GAP8/GCC_RISCV/test:1c000dd2 00000024 T rt_event_push	/home/osboxes/gap_sdk/rtos/pulp/pulp-os/kernel/events.c:139
/home/osboxes/gap_sdk/examples/native/pulpos/helloworld/BUILD/GAP8/GCC_RISCV/test:1c003b2c 00000024 t __rt_uart_setup.isra.5	/home/osboxes/gap_sdk/rtos/pulp/pulp-os/drivers_deprecated/uart/uart.c:222
/home/osboxes/gap_sdk/examples/native/pulpos/helloworld/BUILD/GAP8/GCC_RISCV/test:1c00181c 00000026 t cluster_start	/home/osboxes/gap_sdk/rtos/pulp/pulp-os/kernel/init.c:198
/home/osboxes/gap_sdk/examples/native/pulpos/helloworld/BUILD/GAP8/GCC_RISCV/test:1c002dce 00000026 T _prf_locked	/home/osboxes/gap_sdk/rtos/pulp/pulp-os/libs/io/io.c:626
/home/osboxes/gap_sdk/examples/native/pulpos/helloworld/BUILD/GAP8/GCC_RISCV/test:1c002d90 00000026 T puts	/home/osboxes/gap_sdk/rtos/pulp/pulp-os/libs/io/io.c:576
/home/osboxes/gap_sdk/examples/native/pulpos/helloworld/BUILD/GAP8/GCC_RISCV/test:1c002c02 00000026 t __rt_io_stop	/home/osboxes/gap_sdk/rtos/pulp/pulp-os/libs/io/io.c:769
/home/osboxes/gap_sdk/examples/native/pulpos/helloworld/BUILD/GAP8/GCC_RISCV/test:1c003b06 00000026 T __rt_uart_cluster_req_done	/home/osboxes/gap_sdk/rtos/pulp/pulp-os/drivers_deprecated/uart/uart.c:253
/home/osboxes/gap_sdk/examples/native/pulpos/helloworld/BUILD/GAP8/GCC_RISCV/test:1c0021b2 00000026 t soc_eu_fcEventMask_setEvent	/home/osboxes/gap_sdk/install/GAP8/include/hal/soc_eu/soc_eu_v1.h:60
/home/osboxes/gap_sdk/examples/native/pulpos/helloworld/BUILD/GAP8/GCC_RISCV/test:1c003c1e 00000026 t soc_eu_fcEventMask_setEvent	/home/osboxes/gap_sdk/install/GAP8/include/hal/soc_eu/soc_eu_v1.h:60
/home/osboxes/gap_sdk/examples/native/pulpos/helloworld/BUILD/GAP8/GCC_RISCV/test:1c000fb2 00000028 T __rt_alloc_init_l1_for_fc	/home/osboxes/gap_sdk/rtos/pulp/pulp-os/kernel/alloc.c:452
/home/osboxes/gap_sdk/examples/native/pulpos/helloworld/BUILD/GAP8/GCC_RISCV/test:1c0019a2 00000028 T __rt_deinit	/home/osboxes/gap_sdk/rtos/pulp/pulp-os/kernel/init.c:163
/home/osboxes/gap_sdk/examples/native/pulpos/helloworld/BUILD/GAP8/GCC_RISCV/test:1c000ce2 00000028 T __rt_event_init	/home/osboxes/gap_sdk/rtos/pulp/pulp-os/kernel/events.c:32
/home/osboxes/gap_sdk/examples/native/pulpos/helloworld/BUILD/GAP8/GCC_RISCV/test:1c0047dc 00000028 B __rt_fc_cluster_data
/home/osboxes/gap_sdk/examples/native/pulpos/helloworld/BUILD/GAP8/GCC_RISCV/test:1c002792 00000028 t __rt_i2s_setfreq_after	/home/osboxes/gap_sdk/rtos/pulp/pulp-os/drivers_deprecated/i2s/i2s-v1.c:235
/home/osboxes/gap_sdk/examples/native/pulpos/helloworld/BUILD/GAP8/GCC_RISCV/test:1c00267e 00000028 T rt_padframe_set	/home/osboxes/gap_sdk/rtos/pulp/pulp-os/drivers_deprecated/pads/pads-v1.c:77
/home/osboxes/gap_sdk/examples/native/pulpos/helloworld/BUILD/GAP8/GCC_RISCV/test:000002b8 00000028 D __rt_udma_extra_callback
/home/osboxes/gap_sdk/examples/native/pulpos/helloworld/BUILD/GAP8/GCC_RISCV/test:000002e0 00000028 D __rt_udma_extra_callback_arg
/home/osboxes/gap_sdk/examples/native/pulpos/helloworld/BUILD/GAP8/GCC_RISCV/test:1c002efc 0000002a T printf	/home/osboxes/gap_sdk/rtos/pulp/pulp-os/libs/io/fprintf.c:41
/home/osboxes/gap_sdk/examples/native/pulpos/helloworld/BUILD/GAP8/GCC_RISCV/test:1c003bb2 0000002a t __rt_uart_setfreq_before	/home/osboxes/gap_sdk/rtos/pulp/pulp-os/drivers_deprecated/uart/uart.c:102
/home/osboxes/gap_sdk/examples/native/pulpos/helloworld/BUILD/GAP8/GCC_RISCV/test:1c000e5a 0000002a T __rt_wait_event	/home/osboxes/gap_sdk/rtos/pulp/pulp-os/kernel/events.c:247
/home/osboxes/gap_sdk/examples/native/pulpos/helloworld/BUILD/GAP8/GCC_RISCV/test:1c0027ba 0000002c t __rt_i2s_setfreq_before	/home/osboxes/gap_sdk/rtos/pulp/pulp-os/drivers_deprecated/i2s/i2s-v1.c:219
/home/osboxes/gap_sdk/examples/native/pulpos/helloworld/BUILD/GAP8/GCC_RISCV/test:1c004640 0000002c b __rt_pulpos_emu_global_cluster_task	/home/osboxes/gap_sdk/rtos/pulp/pulp-os/kernel/pulpos_emu.c:26
/home/osboxes/gap_sdk/examples/native/pulpos/helloworld/BUILD/GAP8/GCC_RISCV/test:1c002186 0000002c t SetFllMultDivFactors
/home/osboxes/gap_sdk/examples/native/pulpos/helloworld/BUILD/GAP8/GCC_RISCV/test:1c000f62 0000002e T rt_alloc
/home/osboxes/gap_sdk/examples/native/pulpos/helloworld/BUILD/GAP8/GCC_RISCV/test:1c0026b0 0000002e t __rt_hyper_init	/home/osboxes/gap_sdk/rtos/pulp/pulp-os/drivers/hyper/hyperram-v1.c:995
/home/osboxes/gap_sdk/examples/native/pulpos/helloworld/BUILD/GAP8/GCC_RISCV/test:1c000b7e 00000030 t end_of_call	/home/osboxes/gap_sdk/examples/native/pulpos/helloworld/test.c:34
/home/osboxes/gap_sdk/examples/native/pulpos/helloworld/BUILD/GAP8/GCC_RISCV/test:1c001b7a 00000030 T __rt_cbsys_exec	/home/osboxes/gap_sdk/rtos/pulp/pulp-os/kernel/utils.c:71
/home/osboxes/gap_sdk/examples/native/pulpos/helloworld/BUILD/GAP8/GCC_RISCV/test:1c001528 00000032 T pi_cluster_close	/home/osboxes/gap_sdk/rtos/pulp/pulp-os/kernel/cluster.c:370
/home/osboxes/gap_sdk/examples/native/pulpos/helloworld/BUILD/GAP8/GCC_RISCV/test:1c002a06 00000032 t __rt_putc_host_cluster_req	/home/osboxes/gap_sdk/rtos/pulp/pulp-os/libs/io/io.c:451
/home/osboxes/gap_sdk/examples/native/pulpos/helloworld/BUILD/GAP8/GCC_RISCV/test:00000358 00000034 D dev_rtc	/home/osboxes/gap_sdk/rtos/pulp/pulp-os/drivers_deprecated/dolphin/rtc.c:24
/home/osboxes/gap_sdk/examples/native/pulpos/helloworld/BUILD/GAP8/GCC_RISCV/test:1c00301c 00000034 t _get_digit	/home/osboxes/gap_sdk/rtos/pulp/pulp-os/libs/io/prf.c:167
/home/osboxes/gap_sdk/examples/native/pulpos/helloworld/BUILD/GAP8/GCC_RISCV/test:1c001ee2 00000034 T __rt_bridge_init	/home/osboxes/gap_sdk/rtos/pulp/pulp-os/kernel/bridge.c:851
/home/osboxes/gap_sdk/examples/native/pulpos/helloworld/BUILD/GAP8/GCC_RISCV/test:1c001bcc 00000034 T __rt_fc_lock	/home/osboxes/gap_sdk/rtos/pulp/pulp-os/kernel/utils.c:92
/home/osboxes/gap_sdk/examples/native/pulpos/helloworld/BUILD/GAP8/GCC_RISCV/test:1c001c00 00000034 T __rt_fc_unlock	/home/osboxes/gap_sdk/rtos/pulp/pulp-os/kernel/utils.c:127
/home/osboxes/gap_sdk/examples/native/pulpos/helloworld/BUILD/GAP8/GCC_RISCV/test:1c00275e 00000034 t __rt_i2s_resume	/home/osboxes/gap_sdk/rtos/pulp/pulp-os/drivers_deprecated/i2s/i2s-v1.c:186
/home/osboxes/gap_sdk/examples/native/pulpos/helloworld/BUILD/GAP8/GCC_RISCV/test:1c003d28 00000034 T rt_uart_cluster_write	/home/osboxes/gap_sdk/rtos/pulp/pulp-os/drivers_deprecated/uart/uart.c:277
/home/osboxes/gap_sdk/examples/native/pulpos/helloworld/BUILD/GAP8/GCC_RISCV/test:1c001c6c 00000036 T __rt_fc_cluster_unlock	/home/osboxes/gap_sdk/rtos/pulp/pulp-os/kernel/utils.c:199
/home/osboxes/gap_sdk/examples/native/pulpos/helloworld/BUILD/GAP8/GCC_RISCV/test:1c001c34 00000038 T __rt_fc_cluster_lock	/home/osboxes/gap_sdk/rtos/pulp/pulp-os/kernel/utils.c:189
/home/osboxes/gap_sdk/examples/native/pulpos/helloworld/BUILD/GAP8/GCC_RISCV/test:1c002cb0 00000038 T __rt_putc_uart	/home/osboxes/gap_sdk/rtos/pulp/pulp-os/libs/io/io.c:412
/home/osboxes/gap_sdk/examples/native/pulpos/helloworld/BUILD/GAP8/GCC_RISCV/test:1c001e3a 0000003a T __rt_bridge_printf_flush
/home/osboxes/gap_sdk/examples/native/pulpos/helloworld/BUILD/GAP8/GCC_RISCV/test:1c0015ca 0000003a T __rt_cluster_new	/home/osboxes/gap_sdk/rtos/pulp/pulp-os/kernel/cluster.c:443
/home/osboxes/gap_sdk/examples/native/pulpos/helloworld/BUILD/GAP8/GCC_RISCV/test:1c001604 0000003a t __rt_cluster_pulpos_emu_init	/home/osboxes/gap_sdk/rtos/pulp/pulp-os/kernel/pulpos_emu.c:29
/home/osboxes/gap_sdk/examples/native/pulpos/helloworld/BUILD/GAP8/GCC_RISCV/test:1c002148 0000003e T __rt_freq_init	/home/osboxes/gap_sdk/rtos/pulp/pulp-os/kernel/gap/freq.c:62
/home/osboxes/gap_sdk/examples/native/pulpos/helloworld/BUILD/GAP8/GCC_RISCV/test:1c002578 00000040 T InitFlls	/home/osboxes/gap_sdk/rtos/pulp/pulp-os/kernel/gap/pmu_driver.c:858
/home/osboxes/gap_sdk/examples/native/pulpos/helloworld/BUILD/GAP8/GCC_RISCV/test:1c001b3a 00000040 T __rt_cbsys_add	/home/osboxes/gap_sdk/rtos/pulp/pulp-os/kernel/utils.c:57
/home/osboxes/gap_sdk/examples/native/pulpos/helloworld/BUILD/GAP8/GCC_RISCV/test:1c0028d4 00000040 t __rt_do_putc_host	/home/osboxes/gap_sdk/rtos/pulp/pulp-os/libs/io/io.c:430
/home/osboxes/gap_sdk/examples/native/pulpos/helloworld/BUILD/GAP8/GCC_RISCV/test:1c003bdc 00000042 t __rt_uart_cluster_req	/home/osboxes/gap_sdk/rtos/pulp/pulp-os/drivers_deprecated/uart/uart.c:266
/home/osboxes/gap_sdk/examples/native/pulpos/helloworld/BUILD/GAP8/GCC_RISCV/test:1c003b70 00000042 t __rt_uart_wait_tx_done.isra.6	/home/osboxes/gap_sdk/rtos/pulp/pulp-os/drivers_deprecated/uart/uart.c:222
/home/osboxes/gap_sdk/examples/native/pulpos/helloworld/BUILD/GAP8/GCC_RISCV/test:1c002fd8 00000044 t _ldiv5	/home/osboxes/gap_sdk/rtos/pulp/pulp-os/libs/io/prf.c:143
/home/osboxes/gap_sdk/examples/native/pulpos/helloworld/BUILD/GAP8/GCC_RISCV/test:1c001cde 00000044 t __rt_bridge_wait
/home/osboxes/gap_sdk/examples/native/pulpos/helloworld/BUILD/GAP8/GCC_RISCV/test:1c000ece 00000048 T rt_user_alloc	/home/osboxes/gap_sdk/rtos/pulp/pulp-os/kernel/alloc.c:207
/home/osboxes/gap_sdk/examples/native/pulpos/helloworld/BUILD/GAP8/GCC_RISCV/test:1c001d94 0000004a T __rt_bridge_check_connection
/home/osboxes/gap_sdk/examples/native/pulpos/helloworld/BUILD/GAP8/GCC_RISCV/test:1c0020fe 0000004a T rt_freq_set_and_get	/home/osboxes/gap_sdk/rtos/pulp/pulp-os/kernel/gap/freq.c:30
/home/osboxes/gap_sdk/examples/native/pulpos/helloworld/BUILD/GAP8/GCC_RISCV/test:1c0019ce 0000004c T rt_irq_set_handler	/home/osboxes/gap_sdk/rtos/pulp/pulp-os/kernel/irq.c:61
/home/osboxes/gap_sdk/examples/native/pulpos/helloworld/BUILD/GAP8/GCC_RISCV/test:1c003cdc 0000004c T rt_uart_close	/home/osboxes/gap_sdk/rtos/pulp/pulp-os/drivers_deprecated/uart/uart.c:228
/home/osboxes/gap_sdk/examples/native/pulpos/helloworld/BUILD/GAP8/GCC_RISCV/test:1c000f16 0000004c T rt_user_free	/home/osboxes/gap_sdk/rtos/pulp/pulp-os/kernel/alloc.c:291
/home/osboxes/gap_sdk/examples/native/pulpos/helloworld/BUILD/GAP8/GCC_RISCV/test:1c001a1c 00000050 T __rt_handle_illegal_instr	/home/osboxes/gap_sdk/rtos/pulp/pulp-os/kernel/irq.c:94
/home/osboxes/gap_sdk/examples/native/pulpos/helloworld/BUILD/GAP8/GCC_RISCV/test:1c0027e6 00000050 T __rt_i2s_init	/home/osboxes/gap_sdk/rtos/pulp/pulp-os/drivers_deprecated/i2s/i2s-v1.c:268
/home/osboxes/gap_sdk/examples/native/pulpos/helloworld/BUILD/GAP8/GCC_RISCV/test:1c002884 00000050 t __rt_io_uart_wait_req	/home/osboxes/gap_sdk/rtos/pulp/pulp-os/libs/io/io.c:315
/home/osboxes/gap_sdk/examples/native/pulpos/helloworld/BUILD/GAP8/GCC_RISCV/test:1c001a6c 00000052 T __rt_irq_init	/home/osboxes/gap_sdk/rtos/pulp/pulp-os/kernel/irq.c:103
/home/osboxes/gap_sdk/examples/native/pulpos/helloworld/BUILD/GAP8/GCC_RISCV/test:1c0016ce 00000054 T rt_cluster_mount	/home/osboxes/gap_sdk/rtos/pulp/pulp-os/kernel/pulpos_emu.c:68
/home/osboxes/gap_sdk/examples/native/pulpos/helloworld/BUILD/GAP8/GCC_RISCV/test:1c00204a 00000056 T __rt_periph_wait_event	/home/osboxes/gap_sdk/rtos/pulp/pulp-os/kernel/periph-v2.c:237
/home/osboxes/gap_sdk/examples/native/pulpos/helloworld/BUILD/GAP8/GCC_RISCV/test:1c003d5c 0000005c T __rt_uart_init	/home/osboxes/gap_sdk/rtos/pulp/pulp-os/drivers_deprecated/uart/uart.c:292
/home/osboxes/gap_sdk/examples/native/pulpos/helloworld/BUILD/GAP8/GCC_RISCV/test:1c0012da 0000005e t __rt_cluster_init	/home/osboxes/gap_sdk/rtos/pulp/pulp-os/kernel/cluster.c:382
/home/osboxes/gap_sdk/examples/native/pulpos/helloworld/BUILD/GAP8/GCC_RISCV/test:1c002914 0000005e t __rt_io_start	/home/osboxes/gap_sdk/rtos/pulp/pulp-os/libs/io/io.c:746
/home/osboxes/gap_sdk/examples/native/pulpos/helloworld/BUILD/GAP8/GCC_RISCV/test:1c0020a0 0000005e T __rt_periph_init	/home/osboxes/gap_sdk/rtos/pulp/pulp-os/kernel/periph-v2.c:276
/home/osboxes/gap_sdk/examples/native/pulpos/helloworld/BUILD/GAP8/GCC_RISCV/test:1c002c52 0000005e T __rt_putc_debug_bridge	/home/osboxes/gap_sdk/rtos/pulp/pulp-os/libs/io/io.c:288
/home/osboxes/gap_sdk/examples/native/pulpos/helloworld/BUILD/GAP8/GCC_RISCV/test:1c001278 00000062 t __rt_init_cluster_data	/home/osboxes/gap_sdk/rtos/pulp/pulp-os/kernel/cluster.c:72
/home/osboxes/gap_sdk/examples/native/pulpos/helloworld/BUILD/GAP8/GCC_RISCV/test:1c000df6 00000064 T __rt_event_execute	/home/osboxes/gap_sdk/rtos/pulp/pulp-os/kernel/events.c:189
/home/osboxes/gap_sdk/examples/native/pulpos/helloworld/BUILD/GAP8/GCC_RISCV/test:1c000fda 0000006a T __rt_allocs_init	/home/osboxes/gap_sdk/rtos/pulp/pulp-os/kernel/alloc.c:465
/home/osboxes/gap_sdk/examples/native/pulpos/helloworld/BUILD/GAP8/GCC_RISCV/test:1c001e74 0000006e T __rt_bridge_req_shutdown	/home/osboxes/gap_sdk/rtos/pulp/pulp-os/kernel/bridge.c:774
/home/osboxes/gap_sdk/examples/native/pulpos/helloworld/BUILD/GAP8/GCC_RISCV/test:1c00155a 00000070 T __rt_cluster_push_fc_event	/home/osboxes/gap_sdk/rtos/pulp/pulp-os/kernel/cluster.c:411
/home/osboxes/gap_sdk/examples/native/pulpos/helloworld/BUILD/GAP8/GCC_RISCV/test:1c002996 00000070 t __rt_io_lock
/home/osboxes/gap_sdk/examples/native/pulpos/helloworld/BUILD/GAP8/GCC_RISCV/test:1c002a38 00000070 t __rt_io_unlock
/home/osboxes/gap_sdk/examples/native/pulpos/helloworld/BUILD/GAP8/GCC_RISCV/test:1c001d22 00000072 T __rt_bridge_handle_notif	/home/osboxes/gap_sdk/rtos/pulp/pulp-os/kernel/bridge.c:644
/home/osboxes/gap_sdk/examples/native/pulpos/helloworld/BUILD/GAP8/GCC_RISCV/test:1c002e70 00000072 T __rt_io_init	/home/osboxes/gap_sdk/rtos/pulp/pulp-os/libs/io/io.c:800
/home/osboxes/gap_sdk/examples/native/pulpos/helloworld/BUILD/GAP8/GCC_RISCV/test:1c002df4 00000074 T exit	/home/osboxes/gap_sdk/rtos/pulp/pulp-os/libs/io/io.c:690
/home/osboxes/gap_sdk/examples/native/pulpos/helloworld/BUILD/GAP8/GCC_RISCV/test:1c000d22 00000074 T rt_event_alloc	/home/osboxes/gap_sdk/rtos/pulp/pulp-os/kernel/events.c:52
/home/osboxes/gap_sdk/examples/native/pulpos/helloworld/BUILD/GAP8/GCC_RISCV/test:1c001074 0000007a T rt_event_push_delayed	/home/osboxes/gap_sdk/rtos/pulp/pulp-os/kernel/time.c:53
/home/osboxes/gap_sdk/examples/native/pulpos/helloworld/BUILD/GAP8/GCC_RISCV/test:1c001abe 0000007c t __rt_fc_cluster_lock_req	/home/osboxes/gap_sdk/rtos/pulp/pulp-os/kernel/utils.c:142
/home/osboxes/gap_sdk/examples/native/pulpos/helloworld/BUILD/GAP8/GCC_RISCV/test:1c0026de 00000080 T __pi_gpio_handler	/home/osboxes/gap_sdk/rtos/pulp/pulp-os/drivers/gpio/gpio-v2.c:54
/home/osboxes/gap_sdk/examples/native/pulpos/helloworld/BUILD/GAP8/GCC_RISCV/test:1c004704 00000080 b __rt_io_event	/home/osboxes/gap_sdk/rtos/pulp/pulp-os/libs/io/io.c:39
/home/osboxes/gap_sdk/examples/native/pulpos/helloworld/BUILD/GAP8/GCC_RISCV/test:1c0045c0 00000080 d __rt_putc_host_buffer	/home/osboxes/gap_sdk/rtos/pulp/pulp-os/libs/io/io.c:47
/home/osboxes/gap_sdk/examples/native/pulpos/helloworld/BUILD/GAP8/GCC_RISCV/test:1c003c54 00000088 T __rt_uart_open	/home/osboxes/gap_sdk/rtos/pulp/pulp-os/drivers_deprecated/uart/uart.c:151
/home/osboxes/gap_sdk/examples/native/pulpos/helloworld/BUILD/GAP8/GCC_RISCV/test:1c002b76 0000008c t __rt_io_uart_wait_pending	/home/osboxes/gap_sdk/rtos/pulp/pulp-os/libs/io/io.c:332
/home/osboxes/gap_sdk/examples/native/pulpos/helloworld/BUILD/GAP8/GCC_RISCV/test:1c0021d8 0000008c T __rt_pmu_cluster_power_down	/home/osboxes/gap_sdk/rtos/pulp/pulp-os/kernel/gap/pmu_driver.c:205
/home/osboxes/gap_sdk/examples/native/pulpos/helloworld/BUILD/GAP8/GCC_RISCV/test:1c00110c 0000008c T __rt_time_init	/home/osboxes/gap_sdk/rtos/pulp/pulp-os/kernel/time.c:130
/home/osboxes/gap_sdk/examples/native/pulpos/helloworld/BUILD/GAP8/GCC_RISCV/test:1c000bae 00000090 t cluster_entry	/home/osboxes/gap_sdk/examples/native/pulpos/helloworld/test.c:26
/home/osboxes/gap_sdk/examples/native/pulpos/helloworld/BUILD/GAP8/GCC_RISCV/test:1c00163e 00000090 T rt_cluster_call	/home/osboxes/gap_sdk/rtos/pulp/pulp-os/kernel/pulpos_emu.c:40
/home/osboxes/gap_sdk/examples/native/pulpos/helloworld/BUILD/GAP8/GCC_RISCV/test:1c002f26 00000092 t _to_x	/home/osboxes/gap_sdk/rtos/pulp/pulp-os/libs/io/prf.c:44
/home/osboxes/gap_sdk/examples/native/pulpos/helloworld/BUILD/GAP8/GCC_RISCV/test:1c00466c 00000098 b __rt_gpio	/home/osboxes/gap_sdk/rtos/pulp/pulp-os/drivers/gpio/gpio-v2.c:34
/home/osboxes/gap_sdk/examples/native/pulpos/helloworld/BUILD/GAP8/GCC_RISCV/test:1c000c3e 000000a4 T main	/home/osboxes/gap_sdk/examples/native/pulpos/helloworld/test.c:40
/home/osboxes/gap_sdk/examples/native/pulpos/helloworld/BUILD/GAP8/GCC_RISCV/test:1c002ce8 000000a8 t tfp_putc.isra.9	/home/osboxes/gap_sdk/rtos/pulp/pulp-os/libs/io/io.c:795
/home/osboxes/gap_sdk/examples/native/pulpos/helloworld/BUILD/GAP8/GCC_RISCV/test:1c0025b8 000000ac T __rt_pmu_init	/home/osboxes/gap_sdk/rtos/pulp/pulp-os/kernel/gap/pmu_driver.c:472
/home/osboxes/gap_sdk/examples/native/pulpos/helloworld/BUILD/GAP8/GCC_RISCV/test:1c0044a4 000000c0 D __hal_debug_struct
/home/osboxes/gap_sdk/examples/native/pulpos/helloworld/BUILD/GAP8/GCC_RISCV/test:1c0024b6 000000c2 T __rt_pmu_cluster_power_up
/home/osboxes/gap_sdk/examples/native/pulpos/helloworld/BUILD/GAP8/GCC_RISCV/test:1c002aa8 000000ce t __rt_io_uart_flush.constprop.11	/home/osboxes/gap_sdk/rtos/pulp/pulp-os/libs/io/io.c:795
/home/osboxes/gap_sdk/examples/native/pulpos/helloworld/BUILD/GAP8/GCC_RISCV/test:1c001456 000000d2 T pi_cluster_open	/home/osboxes/gap_sdk/rtos/pulp/pulp-os/kernel/cluster.c:343
/home/osboxes/gap_sdk/examples/native/pulpos/helloworld/BUILD/GAP8/GCC_RISCV/test:1c001198 000000e0 T __rt_timer_handler	/home/osboxes/gap_sdk/rtos/pulp/pulp-os/kernel/time_irq.c:30
/home/osboxes/gap_sdk/examples/native/pulpos/helloworld/BUILD/GAP8/GCC_RISCV/test:1c001722 000000fa T pi_cluster_send_task_to_cl_async	/home/osboxes/gap_sdk/rtos/pulp/pulp-os/kernel/cluster_call.c:65
/home/osboxes/gap_sdk/examples/native/pulpos/helloworld/BUILD/GAP8/GCC_RISCV/test:1c004010 00000100 R __clz_tab
/home/osboxes/gap_sdk/examples/native/pulpos/helloworld/BUILD/GAP8/GCC_RISCV/test:1c001338 00000118 t __rt_cluster_mount_step	/home/osboxes/gap_sdk/rtos/pulp/pulp-os/kernel/cluster.c:221
/home/osboxes/gap_sdk/examples/native/pulpos/helloworld/BUILD/GAP8/GCC_RISCV/test:1c00239a 0000011c T InitOneFll	/home/osboxes/gap_sdk/rtos/pulp/pulp-os/kernel/gap/pmu_driver.c:771
/home/osboxes/gap_sdk/examples/native/pulpos/helloworld/BUILD/GAP8/GCC_RISCV/test:1c001f16 00000134 T rt_periph_copy	/home/osboxes/gap_sdk/rtos/pulp/pulp-os/kernel/periph-v2.c:58
/home/osboxes/gap_sdk/examples/native/pulpos/helloworld/BUILD/GAP8/GCC_RISCV/test:1c002264 00000136 T SetFllFrequency
/home/osboxes/gap_sdk/examples/native/pulpos/helloworld/BUILD/GAP8/GCC_RISCV/test:1c001842 00000160 T __rt_init	/home/osboxes/gap_sdk/rtos/pulp/pulp-os/kernel/init.c:74
/home/osboxes/gap_sdk/examples/native/pulpos/helloworld/BUILD/GAP8/GCC_RISCV/test:00000030 00000280 D periph_channels
/home/osboxes/gap_sdk/examples/native/pulpos/helloworld/BUILD/GAP8/GCC_RISCV/test:1c000834 0000032e T __umoddi3	/home/haugoug/src/riscv-gnu-toolchain/riscv-gcc/libgcc/libgcc2.c:1305
/home/osboxes/gap_sdk/examples/native/pulpos/helloworld/BUILD/GAP8/GCC_RISCV/test:1c0004f8 0000033c T __udivdi3	/home/haugoug/src/riscv-gnu-toolchain/riscv-gcc/libgcc/libgcc2.c:1317
/home/osboxes/gap_sdk/examples/native/pulpos/helloworld/BUILD/GAP8/GCC_RISCV/test:1b000398 00000800 D __rt_fc_stack	/home/osboxes/gap_sdk/rtos/pulp/pulp-os/kernel/conf.c:38
/home/osboxes/gap_sdk/examples/native/pulpos/helloworld/BUILD/GAP8/GCC_RISCV/test:1c003050 00000ab6 T _prf	/home/osboxes/gap_sdk/rtos/pulp/pulp-os/libs/io/prf.c:437
